V3 3
FL C:/Users/caio.madeira/Desktop/ISE_DESIG_PROJ/DECODER_SAI/decoder_sai.vhd 2024/10/01.09:49:19 P.20131013
EN work/decoder_sai 1727786961 \
      FL C:/Users/caio.madeira/Desktop/ISE_DESIG_PROJ/DECODER_SAI/decoder_sai.vhd \
      PB ieee/std_logic_1164 1381692176
AR work/decoder_sai/example_sai 1727786962 \
      FL C:/Users/caio.madeira/Desktop/ISE_DESIG_PROJ/DECODER_SAI/decoder_sai.vhd \
      EN work/decoder_sai 1727786961
